// Jest Snapshot v1, https://goo.gl/fbAQLP

exports[`ImageList renders properly 1`] = `
ShallowWrapper {
  "length": 1,
  Symbol(enzyme.__root__): [Circular],
  Symbol(enzyme.__unrendered__): <ImageList />,
  Symbol(enzyme.__renderer__): Object {
    "batchedUpdates": [Function],
    "getNode": [Function],
    "render": [Function],
    "simulateEvent": [Function],
    "unmount": [Function],
  },
  Symbol(enzyme.__node__): Object {
    "instance": null,
    "key": undefined,
    "nodeType": "class",
    "props": Object {
      "children": Array [
        <styled.img
          alt="Bryce and Emmy"
          src="bne-min.jpeg"
/>,
        <styled.img
          alt="Rachael and Emmy"
          src="rne-min.jpeg"
/>,
        <styled.img
          alt="Rachael, Bryce and Emmy on a hike"
          src="hike-min.jpg"
/>,
      ],
    },
    "ref": null,
    "rendered": Array [
      Object {
        "instance": null,
        "key": undefined,
        "nodeType": "class",
        "props": Object {
          "alt": "Bryce and Emmy",
          "src": "bne-min.jpeg",
        },
        "ref": null,
        "rendered": null,
        "type": [Function],
      },
      Object {
        "instance": null,
        "key": undefined,
        "nodeType": "class",
        "props": Object {
          "alt": "Rachael and Emmy",
          "src": "rne-min.jpeg",
        },
        "ref": null,
        "rendered": null,
        "type": [Function],
      },
      Object {
        "instance": null,
        "key": undefined,
        "nodeType": "class",
        "props": Object {
          "alt": "Rachael, Bryce and Emmy on a hike",
          "src": "hike-min.jpg",
        },
        "ref": null,
        "rendered": null,
        "type": [Function],
      },
    ],
    "type": [Function],
  },
  Symbol(enzyme.__nodes__): Array [
    Object {
      "instance": null,
      "key": undefined,
      "nodeType": "class",
      "props": Object {
        "children": Array [
          <styled.img
            alt="Bryce and Emmy"
            src="bne-min.jpeg"
/>,
          <styled.img
            alt="Rachael and Emmy"
            src="rne-min.jpeg"
/>,
          <styled.img
            alt="Rachael, Bryce and Emmy on a hike"
            src="hike-min.jpg"
/>,
        ],
      },
      "ref": null,
      "rendered": Array [
        Object {
          "instance": null,
          "key": undefined,
          "nodeType": "class",
          "props": Object {
            "alt": "Bryce and Emmy",
            "src": "bne-min.jpeg",
          },
          "ref": null,
          "rendered": null,
          "type": [Function],
        },
        Object {
          "instance": null,
          "key": undefined,
          "nodeType": "class",
          "props": Object {
            "alt": "Rachael and Emmy",
            "src": "rne-min.jpeg",
          },
          "ref": null,
          "rendered": null,
          "type": [Function],
        },
        Object {
          "instance": null,
          "key": undefined,
          "nodeType": "class",
          "props": Object {
            "alt": "Rachael, Bryce and Emmy on a hike",
            "src": "hike-min.jpg",
          },
          "ref": null,
          "rendered": null,
          "type": [Function],
        },
      ],
      "type": [Function],
    },
  ],
  Symbol(enzyme.__options__): Object {
    "adapter": ReactSixteenAdapter {
      "options": Object {
        "enableComponentDidUpdateOnSetState": true,
      },
    },
  },
}
`;
